// Jest Snapshot v1, https://goo.gl/fbAQLP

exports[`renders correctly 1`] = `
<nav
  className="navbar"
>
  <h1>
    Math Magician app
  </h1>
  <div
    className="links-container"
  >
    <a
      className="links"
      href="/"
    >
      Home
    </a>
    <a
      className="links"
      href="/calculator"
    >
      Calculator
    </a>
    <a
      className="links"
      href="/quote"
    >
      Quote
    </a>
  </div>
</nav>
`;
